// Jest Snapshot v1, https://goo.gl/fbAQLP

exports[`Collapse Body Should match snapshot 1`] = `
<View>
  Test
</View>
`;
